
  .   ____          _            __ _ _
 /\\ / ___'_ __ _ _(_)_ __  __ _ \ \ \ \
( ( )\___ | '_ | '_| | '_ \/ _` | \ \ \ \
 \\/  ___)| |_)| | | | | || (_| |  ) ) ) )
  '  |____| .__|_| |_|_| |_\__, | / / / /
 =========|_|==============|___/=/_/_/_/

 :: Spring Boot ::                (v3.5.9)

2026-02-16T12:18:08.267+05:30  INFO 21580 --- [auth-service] [  restartedMain] com.rv.auth.AuthServiceApplication       : Starting AuthServiceApplication using Java 17.0.10 with PID 21580 (C:\Users\Rajat\Desktop\Retail Microservices\SwiftCart\auth-service\target\classes started by Rajat in C:\Users\Rajat\Desktop\Retail Microservices\SwiftCart\auth-service)
2026-02-16T12:18:08.271+05:30  INFO 21580 --- [auth-service] [  restartedMain] com.rv.auth.AuthServiceApplication       : No active profile set, falling back to 1 default profile: "default"
2026-02-16T12:18:08.354+05:30  INFO 21580 --- [auth-service] [  restartedMain] .e.DevToolsPropertyDefaultsPostProcessor : Devtools property defaults active! Set 'spring.devtools.add-properties' to 'false' to disable
2026-02-16T12:18:08.354+05:30  INFO 21580 --- [auth-service] [  restartedMain] .e.DevToolsPropertyDefaultsPostProcessor : For additional web related logging consider setting the 'logging.level.web' property to 'DEBUG'
2026-02-16T12:18:12.576+05:30  INFO 21580 --- [auth-service] [  restartedMain] .s.d.r.c.RepositoryConfigurationDelegate : Bootstrapping Spring Data JPA repositories in DEFAULT mode.
2026-02-16T12:18:13.125+05:30  INFO 21580 --- [auth-service] [  restartedMain] .s.d.r.c.RepositoryConfigurationDelegate : Finished Spring Data repository scanning in 519 ms. Found 7 JPA repository interfaces.
2026-02-16T12:18:13.911+05:30  INFO 21580 --- [auth-service] [  restartedMain] o.s.cloud.context.scope.GenericScope     : BeanFactory id=261352f0-ba95-3b93-8ba3-16dc2d20c39d
2026-02-16T12:18:16.129+05:30  INFO 21580 --- [auth-service] [  restartedMain] o.s.b.w.embedded.tomcat.TomcatWebServer  : Tomcat initialized with port 8081 (http)
2026-02-16T12:18:16.189+05:30  INFO 21580 --- [auth-service] [  restartedMain] o.apache.catalina.core.StandardService   : Starting service [Tomcat]
2026-02-16T12:18:16.189+05:30  INFO 21580 --- [auth-service] [  restartedMain] o.apache.catalina.core.StandardEngine    : Starting Servlet engine: [Apache Tomcat/10.1.50]
2026-02-16T12:18:16.383+05:30  INFO 21580 --- [auth-service] [  restartedMain] o.a.c.c.C.[Tomcat].[localhost].[/]       : Initializing Spring embedded WebApplicationContext
2026-02-16T12:18:16.389+05:30  INFO 21580 --- [auth-service] [  restartedMain] w.s.c.ServletWebServerApplicationContext : Root WebApplicationContext: initialization completed in 8033 ms
2026-02-16T12:18:16.888+05:30  INFO 21580 --- [auth-service] [  restartedMain] o.hibernate.jpa.internal.util.LogHelper  : HHH000204: Processing PersistenceUnitInfo [name: default]
2026-02-16T12:18:17.091+05:30  INFO 21580 --- [auth-service] [  restartedMain] org.hibernate.Version                    : HHH000412: Hibernate ORM core version 6.6.39.Final
2026-02-16T12:18:17.208+05:30  INFO 21580 --- [auth-service] [  restartedMain] o.h.c.internal.RegionFactoryInitiator    : HHH000026: Second-level cache disabled
2026-02-16T12:18:18.277+05:30  INFO 21580 --- [auth-service] [  restartedMain] o.s.o.j.p.SpringPersistenceUnitInfo      : No LoadTimeWeaver setup: ignoring JPA class transformer
2026-02-16T12:18:18.385+05:30  INFO 21580 --- [auth-service] [  restartedMain] com.zaxxer.hikari.HikariDataSource       : HikariPool-1 - Starting...
2026-02-16T12:18:47.418+05:30  INFO 21580 --- [auth-service] [  restartedMain] com.zaxxer.hikari.pool.HikariPool        : HikariPool-1 - Added connection com.mysql.cj.jdbc.ConnectionImpl@6c718e47
2026-02-16T12:18:47.420+05:30  INFO 21580 --- [auth-service] [  restartedMain] com.zaxxer.hikari.HikariDataSource       : HikariPool-1 - Start completed.
2026-02-16T12:19:00.916+05:30  INFO 21580 --- [auth-service] [  restartedMain] org.hibernate.orm.connections.pooling    : HHH10001005: Database info:
	Database JDBC URL [Connecting through datasource 'HikariDataSource (HikariPool-1)']
	Database driver: undefined/unknown
	Database version: 8.0.25
	Autocommit mode: undefined/unknown
	Isolation level: undefined/unknown
	Minimum pool size: undefined/unknown
	Maximum pool size: undefined/unknown
2026-02-16T12:19:04.408+05:30  INFO 21580 --- [auth-service] [  restartedMain] o.h.e.t.j.p.i.JtaPlatformInitiator       : HHH000489: No JTA platform available (set 'hibernate.transaction.jta.platform' to enable JTA platform integration)
2026-02-16T12:20:10.033+05:30  INFO 21580 --- [auth-service] [  restartedMain] j.LocalContainerEntityManagerFactoryBean : Initialized JPA EntityManagerFactory for persistence unit 'default'
2026-02-16T12:20:16.050+05:30  WARN 21580 --- [auth-service] [  restartedMain] JpaBaseConfiguration$JpaWebConfiguration : spring.jpa.open-in-view is enabled by default. Therefore, database queries may be performed during view rendering. Explicitly configure spring.jpa.open-in-view to disable this warning
2026-02-16T12:20:19.099+05:30  INFO 21580 --- [auth-service] [  restartedMain] eAuthenticationProviderManagerConfigurer : Global AuthenticationManager configured with AuthenticationProvider bean with name authenticationProvider
2026-02-16T12:20:19.102+05:30  WARN 21580 --- [auth-service] [  restartedMain] r$InitializeUserDetailsManagerConfigurer : Global AuthenticationManager configured with an AuthenticationProvider bean. UserDetailsService beans will not be used by Spring Security for automatically configuring username/password login. Consider removing the AuthenticationProvider bean. Alternatively, consider using the UserDetailsService in a manually instantiated DaoAuthenticationProvider. If the current configuration is intentional, to turn off this warning, increase the logging level of 'org.springframework.security.config.annotation.authentication.configuration.InitializeUserDetailsBeanManagerConfigurer' to ERROR
2026-02-16T12:20:21.710+05:30  WARN 21580 --- [auth-service] [  restartedMain] o.s.b.d.a.OptionalLiveReloadServer       : Unable to start LiveReload server
2026-02-16T12:20:31.393+05:30  INFO 21580 --- [auth-service] [  restartedMain] DiscoveryClientOptionalArgsConfiguration : Eureka HTTP Client uses RestTemplate.
2026-02-16T12:20:31.467+05:30  WARN 21580 --- [auth-service] [  restartedMain] iguration$LoadBalancerCaffeineWarnLogger : Spring Cloud LoadBalancer is currently working with the default cache. While this cache implementation is useful for development and tests, it's recommended to use Caffeine cache in production.You can switch to using Caffeine cache, by adding it and org.springframework.cache.caffeine.CaffeineCacheManager to the classpath.
2026-02-16T12:20:31.541+05:30  INFO 21580 --- [auth-service] [  restartedMain] o.s.c.n.eureka.InstanceInfoFactory       : Setting initial instance status as: STARTING
2026-02-16T12:20:32.345+05:30  INFO 21580 --- [auth-service] [  restartedMain] com.netflix.discovery.DiscoveryClient    : Initializing Eureka in region us-east-1
2026-02-16T12:20:32.369+05:30  INFO 21580 --- [auth-service] [  restartedMain] c.n.d.s.r.aws.ConfigClusterResolver      : Resolving eureka endpoints via configuration
2026-02-16T12:20:32.399+05:30  INFO 21580 --- [auth-service] [  restartedMain] com.netflix.discovery.DiscoveryClient    : Disable delta property : false
2026-02-16T12:20:32.399+05:30  INFO 21580 --- [auth-service] [  restartedMain] com.netflix.discovery.DiscoveryClient    : Single vip registry refresh property : null
2026-02-16T12:20:32.401+05:30  INFO 21580 --- [auth-service] [  restartedMain] com.netflix.discovery.DiscoveryClient    : Force full registry fetch : false
2026-02-16T12:20:32.401+05:30  INFO 21580 --- [auth-service] [  restartedMain] com.netflix.discovery.DiscoveryClient    : Application is null : false
2026-02-16T12:20:32.401+05:30  INFO 21580 --- [auth-service] [  restartedMain] com.netflix.discovery.DiscoveryClient    : Registered Applications size is zero : true
2026-02-16T12:20:32.401+05:30  INFO 21580 --- [auth-service] [  restartedMain] com.netflix.discovery.DiscoveryClient    : Application version is -1: true
2026-02-16T12:20:32.401+05:30  INFO 21580 --- [auth-service] [  restartedMain] com.netflix.discovery.DiscoveryClient    : Getting all instance registry info from the eureka server
2026-02-16T12:20:36.112+05:30  INFO 21580 --- [auth-service] [  restartedMain] com.netflix.discovery.DiscoveryClient    : The response status is 200
2026-02-16T12:20:36.122+05:30  INFO 21580 --- [auth-service] [  restartedMain] com.netflix.discovery.DiscoveryClient    : Starting heartbeat executor: renew interval is: 30
2026-02-16T12:20:36.122+05:30  INFO 21580 --- [auth-service] [  restartedMain] c.n.discovery.InstanceInfoReplicator     : InstanceInfoReplicator onDemand update allowed rate per min is 4
2026-02-16T12:20:36.122+05:30  INFO 21580 --- [auth-service] [  restartedMain] com.netflix.discovery.DiscoveryClient    : Discovery Client initialized at timestamp 1771224636122 with initial instances count: 1
2026-02-16T12:20:36.486+05:30  INFO 21580 --- [auth-service] [  restartedMain] o.s.c.n.e.s.EurekaServiceRegistry        : Registering application AUTH-SERVICE with eureka with status UP
2026-02-16T12:20:36.486+05:30  INFO 21580 --- [auth-service] [  restartedMain] com.netflix.discovery.DiscoveryClient    : Saw local status change event StatusChangeEvent [timestamp=1771224636486, current=UP, previous=STARTING]
2026-02-16T12:20:36.502+05:30  INFO 21580 --- [auth-service] [foReplicator-%d] com.netflix.discovery.DiscoveryClient    : DiscoveryClient_AUTH-SERVICE/Rajat:auth-service:8081: registering service...
2026-02-16T12:20:38.055+05:30  INFO 21580 --- [auth-service] [foReplicator-%d] com.netflix.discovery.DiscoveryClient    : DiscoveryClient_AUTH-SERVICE/Rajat:auth-service:8081 - registration status: 204
2026-02-16T12:20:38.774+05:30  INFO 21580 --- [auth-service] [  restartedMain] o.s.b.w.embedded.tomcat.TomcatWebServer  : Tomcat started on port 8081 (http) with context path '/'
2026-02-16T12:20:38.785+05:30  INFO 21580 --- [auth-service] [  restartedMain] .s.c.n.e.s.EurekaAutoServiceRegistration : Updating port to 8081
2026-02-16T12:20:43.669+05:30  INFO 21580 --- [auth-service] [  restartedMain] com.rv.auth.AuthServiceApplication       : Started AuthServiceApplication in 157.215 seconds (process running for 158.939)
